2026-04-23 20:32:11.993: [INFO] VisibilityChanged: 0
2026-04-23 20:32:12.030: [INFO] RecordSyncInitDuration has_sync_been_enabled: 0 state: 0
2026-04-23 20:32:12.033: [INFO] RecordSyncInitDuration has_sync_been_enabled: 0 state: 0
2026-04-23 20:32:12.035: [INFO] RecordSyncInitDuration has_sync_been_enabled: 0 state: 0
2026-04-23 20:32:12.037: [INFO] RecordSyncInitDuration has_sync_been_enabled: 0 state: 0
2026-04-23 20:32:12.038: [INFO] RecordSyncInitDuration has_sync_been_enabled: 0 state: 0
2026-04-23 20:32:12.039: [INFO] RecordSyncInitDuration has_sync_been_enabled: 0 state: 0
2026-04-23 20:32:12.039: [INFO] RecordSyncInitDuration has_sync_been_enabled: 0 state: 0
2026-04-23 20:32:12.040: [INFO] RecordSyncInitDuration has_sync_been_enabled: 0 state: 0
2026-04-23 20:32:12.041: [INFO] RecordSyncInitDuration has_sync_been_enabled: 0 state: 0
2026-04-23 20:32:12.042: [INFO] RecordSyncInitDuration has_sync_been_enabled: 0 state: 0
2026-04-23 20:32:12.043: [INFO] RecordSyncInitDuration has_sync_been_enabled: 0 state: 0
2026-04-23 20:32:12.045: [INFO] RecordSyncInitDuration has_sync_been_enabled: 0 state: 0
2026-04-23 20:32:12.071: [INFO] BookmarkModelLoaded, ids_reassigned: 0
2026-04-23 20:32:12.071: [INFO] OnDoneLoading sync enabled: 0
2026-04-23 20:32:12.137: [INFO] RecordSyncInitDuration has_sync_been_enabled: 0 state: 0
2026-04-23 20:32:14.298: [INFO] RecordSyncInitDuration has_sync_been_enabled: 0 state: 0
2026-04-23 20:32:14.303: [INFO] RecordSyncInitDuration has_sync_been_enabled: 0 state: 3
2026-04-23 20:32:14.305: [INFO] Primary account changed.
2026-04-23 20:32:14.305: [INFO] OnPrimaryAccountChanged PrimaryAccountChangeEvent::Type::kSet
2026-04-23 20:32:14.310: [INFO] RecordSyncInitDuration has_sync_been_enabled: 0 state: 3
2026-04-23 20:32:14.324: [INFO] RecordSyncInitDuration has_sync_been_enabled: 0 state: 3
2026-04-23 20:32:20.905: [INFO] BookmarkNodeAdded, ABU: 0
2026-04-23 20:32:20.905: [INFO] BookmarkNodeAdded, ABU: 0
2026-04-23 20:32:20.906: [INFO] BookmarkNodeAdded, ABU: 0
2026-04-23 20:32:20.907: [INFO] BookmarkNodeAdded, ABU: 0
2026-04-23 20:32:20.907: [INFO] BookmarkNodeAdded, ABU: 0
2026-04-23 20:32:20.908: [INFO] BookmarkNodeAdded, ABU: 0
2026-04-23 20:32:20.909: [INFO] BookmarkNodeAdded, ABU: 0
2026-04-23 20:32:20.909: [INFO] BookmarkNodeAdded, ABU: 0
2026-04-23 20:32:20.910: [INFO] BookmarkNodeAdded, ABU: 0
2026-04-23 20:32:20.910: [INFO] BookmarkNodeAdded, ABU: 0
2026-04-23 20:32:20.911: [INFO] BookmarkNodeAdded, ABU: 0
2026-04-23 20:32:20.911: [INFO] BookmarkNodeAdded, ABU: 0
2026-04-23 20:32:20.912: [INFO] BookmarkNodeAdded, ABU: 0
2026-04-23 20:32:20.913: [INFO] BookmarkNodeAdded, ABU: 0
2026-04-23 20:32:20.913: [INFO] BookmarkNodeAdded, ABU: 0
2026-04-23 20:32:20.914: [INFO] BookmarkNodeAdded, ABU: 0
2026-04-23 20:32:20.914: [INFO] BookmarkNodeAdded, ABU: 0
2026-04-23 20:32:20.915: [INFO] BookmarkNodeAdded, ABU: 0
2026-04-23 20:32:20.915: [INFO] BookmarkNodeAdded, ABU: 0
2026-04-23 20:32:20.915: [INFO] BookmarkNodeAdded, ABU: 0
2026-04-23 20:32:20.916: [INFO] BookmarkNodeAdded, ABU: 0
2026-04-23 20:32:20.916: [INFO] BookmarkNodeAdded, ABU: 0
2026-04-23 20:32:20.917: [INFO] BookmarkNodeAdded, ABU: 0
2026-04-23 20:32:20.917: [INFO] BookmarkNodeAdded, ABU: 0
2026-04-23 20:32:20.918: [INFO] BookmarkNodeAdded, ABU: 0
2026-04-23 20:32:20.918: [INFO] BookmarkNodeAdded, ABU: 0
2026-04-23 20:32:20.919: [INFO] BookmarkNodeAdded, ABU: 0
2026-04-23 20:32:20.919: [INFO] BookmarkNodeAdded, ABU: 0
2026-04-23 20:32:20.920: [INFO] BookmarkNodeAdded, ABU: 0
2026-04-23 20:32:20.920: [INFO] BookmarkNodeAdded, ABU: 0
2026-04-23 20:32:20.921: [INFO] BookmarkNodeAdded, ABU: 0
2026-04-23 20:32:20.921: [INFO] BookmarkNodeAdded, ABU: 0
2026-04-23 20:32:20.922: [INFO] BookmarkNodeAdded, ABU: 0
2026-04-23 20:32:20.923: [INFO] BookmarkNodeAdded, ABU: 0
2026-04-23 20:32:20.923: [INFO] BookmarkNodeAdded, ABU: 0
2026-04-23 20:32:20.924: [INFO] BookmarkNodeAdded, ABU: 0
2026-04-23 20:32:20.925: [INFO] BookmarkNodeAdded, ABU: 0
2026-04-23 20:32:20.925: [INFO] BookmarkNodeAdded, ABU: 0
2026-04-23 20:32:20.925: [INFO] BookmarkNodeAdded, ABU: 0
2026-04-23 20:32:20.926: [INFO] BookmarkNodeAdded, ABU: 0
2026-04-23 20:32:20.926: [INFO] BookmarkNodeAdded, ABU: 0
2026-04-23 20:32:20.927: [INFO] BookmarkNodeAdded, ABU: 0
2026-04-23 20:32:20.927: [INFO] BookmarkNodeAdded, ABU: 0
2026-04-23 20:32:20.928: [INFO] BookmarkNodeAdded, ABU: 0
2026-04-23 20:32:20.928: [INFO] BookmarkNodeAdded, ABU: 0
2026-04-23 20:32:20.928: [INFO] BookmarkNodeAdded, ABU: 0
2026-04-23 20:32:20.929: [INFO] BookmarkNodeAdded, ABU: 0
2026-04-23 20:32:20.929: [INFO] BookmarkNodeAdded, ABU: 0
2026-04-23 20:32:20.930: [INFO] BookmarkNodeAdded, ABU: 0
2026-04-23 20:32:20.930: [INFO] BookmarkNodeAdded, ABU: 0
2026-04-23 20:32:20.931: [INFO] BookmarkNodeAdded, ABU: 0
2026-04-23 20:32:20.931: [INFO] BookmarkNodeAdded, ABU: 0
2026-04-23 20:32:20.932: [INFO] BookmarkNodeAdded, ABU: 0
2026-04-23 20:32:20.932: [INFO] BookmarkNodeAdded, ABU: 0
2026-04-23 20:32:20.932: [INFO] BookmarkNodeAdded, ABU: 0
2026-04-23 20:32:20.932: [INFO] BookmarkNodeAdded, ABU: 0
2026-04-23 20:32:20.933: [INFO] BookmarkNodeAdded, ABU: 0
2026-04-23 20:32:20.933: [INFO] BookmarkNodeAdded, ABU: 0
2026-04-23 20:32:20.934: [INFO] BookmarkNodeAdded, ABU: 0
2026-04-23 20:32:20.934: [INFO] BookmarkNodeAdded, ABU: 0
2026-04-23 20:32:20.935: [INFO] BookmarkNodeAdded, ABU: 0
2026-04-23 20:32:20.935: [INFO] BookmarkNodeAdded, ABU: 0
2026-04-23 20:32:20.935: [INFO] BookmarkNodeAdded, ABU: 0
2026-04-23 20:32:20.936: [INFO] BookmarkNodeAdded, ABU: 0
2026-04-23 20:32:20.936: [INFO] BookmarkNodeAdded, ABU: 0
2026-04-23 20:32:20.937: [INFO] BookmarkNodeAdded, ABU: 0
2026-04-23 20:32:20.937: [INFO] BookmarkNodeAdded, ABU: 0
2026-04-23 20:32:20.938: [INFO] BookmarkNodeAdded, ABU: 0
2026-04-23 20:32:39.542: [INFO] Sync initialization duration: 25107ms
