{"logTime": "0423/212408", "correlationVector":"G1llu60sEO7A8gjeWuQLU6.1","action":"SyncServerConnectionManagerRequest", "result":"SYNC_SERVER_OK", "context":{"environment":"Prod_southindia_prod-s01-004-apac-southindia", "migrationStage":"NotStarted", "server":"akswtt104000007"}}
{"logTime": "0423/212408", "correlationVector":"G1llu60sEO7A8gjeWuQLU6.2","action":"ProcessGetUpdates", "result":"Done", "context":{"dataType":"Encryption Keys", "deleted":"0", "process_failed_to_decrypt":"0", "process_pending_decryption":"0", "process_success":"1", "total":"1"}}
{"logTime": "0423/212409", "correlationVector":"peubUng85md8/kRjBzSys7","action":"SyncServerConnectionManagerRequest", "result":"SYNC_SERVER_OK", "context":{"environment":"", "migrationStage":"", "server":""}}
{"logTime": "0423/212409", "correlationVector":"peubUng85md8/kRjBzSys7.0","action":"EncryptionKeysFetcher.DownloadKeys:", "result":"Success", "context":Key count: 10, Last key timestamp: 2026-04-23T06:22:57Z}
{"logTime": "0423/212409", "correlationVector":"peubUng85md8/kRjBzSys7.1","action":"EncryptionKeysManager::SetEncryptionKeys:", "result":"Success", "context":Key names[10]:[qd0HSyF+b/XwcN1G0stTMS1jAcW9AH0j5XpjZJC531v54IRd51ugNrmHp31y6nJ/dQ0lnDZ9ovVpA0HLwMsN3A==][/6suNEwkUjJXGiHcvd6od5d7V6ZZ4/x5zjmg3g0Ky3k65WcLvorTCBjflmf2zdcg5wo8CMl++LLpFmhtn0K5pQ==][Fe1GA1KVb6dXfOGEaCpn0HbMJQEDsuLLujIR9Hihi4BKbx4zf1kUl+Ss3lSI3824VBaF98GtyKHtzc9x3btlYw==][+A0Y7luYsU6BMUuhy0sA2+0di6Xv6PT9h2HDReCUxukXgGtsiUHYmv0bP/ICe+5a/5ixtSY1teaSnzfQ1kmIwg==][M7C5RzF/7fDnea7TsNRpf+HqXwnjSz0LkFgZufvkSJHWCjd0kt7iEpB9pjaWmq9SjNP5V4ZkHOXB3zxxBAAY4A==][imUfmofoaVlMItCk4TzLFRYYBuvVhY4nwhHVslBkjP19uS8E0OSnuHipUr6B5UcYo+HVRldc+1X7/1kX3fTUUg==][ZKToRfi9cQgq8merpiUKVqjWREhGi81isDd2tWS7wbXkhGHPYemIvOfDWs8/InjDKh9Nk1gUyV+pj8Q4vq0cMQ==][s5FZUvDpUkJy6uCyCdCkHgAzqHBawdu2ecoBbdsMf0U2WJ2OZDieudwh8K818/A/m3M7ErtIPJYXWXDyoqjJIA==][0n+Y7tVCkC8MixsauYV62uF4gbnUxuOtBeXL5ZeTWzdneSsnWe2+cqqfv08LOGn5QKJ+N9z3cBjMS3hcUFVV6Q==][HKUmUFVjQBzKqFTHIjVYR4qstJI0ImwBbOX3GpxuLjsYkd8a/9BogCK7urZRYRWwdLloA7p2UXyyRxoYeOGVpA==]}
{"logTime": "0423/212409", "correlationVector":"peubUng85md8/kRjBzSys7.2","action":"EncryptionKeysManager::SetEncryptionKeysWithTimestamps:", "result":"Success", "context":Key timestamps[10]:[2024-09-06T17:11:11Z][2024-11-04T15:20:52Z][2024-12-07T15:11:15Z][2024-12-19T17:30:18Z][2025-03-08T14:36:18Z][2025-03-13T09:53:28Z][2025-04-12T16:08:42Z][2025-04-27T12:10:59Z][2025-10-25T05:49:04Z][2026-04-23T06:22:57Z]}
{"logTime": "0423/212409", "correlationVector":"G1llu60sEO7A8gjeWuQLU6","action":"Initial GetUpdates", "result":"", "context":Reason: NEW_CLIENT. cV=G1llu60sEO7A8gjeWuQLU6}
{"logTime": "0423/212409", "correlationVector":"G1llu60sEO7A8gjeWuQLU6.3","action":"GetUpdates Response", "result":"Success", "context":Received 1 update(s). cV=G1llu60sEO7A8gjeWuQLU6.0;server=akswtt104000007;cloudType=Consumer;environment=Prod_southindia_prod-s01-004-apac-southindia;migrationStage=NotStarted}
{"logTime": "0423/212409", "correlationVector":"U98rpQB7B5gzfauzA97LLl","action":"Initial GetUpdates", "result":"", "context":Reason: NEWLY_SUPPORTED_DATATYPE. cV=U98rpQB7B5gzfauzA97LLl}
{"logTime": "0423/212409", "correlationVector":"U98rpQB7B5gzfauzA97LLl.1","action":"SyncServerConnectionManagerRequest", "result":"SYNC_SERVER_OK", "context":{"environment":"Prod_southindia_prod-s01-004-apac-southindia", "migrationStage":"NotStarted", "server":"akswtt10400001i"}}
{"logTime": "0423/212409", "correlationVector":"U98rpQB7B5gzfauzA97LLl.2","action":"ProcessGetUpdates", "result":"Done", "context":{"dataType":"Preferences", "deleted":"0", "process_failed_to_decrypt":"0", "process_pending_decryption":"0", "process_success":"120", "total":"120"}}
{"logTime": "0423/212409", "correlationVector":"U98rpQB7B5gzfauzA97LLl.3","action":"ProcessGetUpdates", "result":"Done", "context":{"dataType":"Passwords", "deleted":"15", "process_failed_to_decrypt":"0", "process_pending_decryption":"0", "process_success":"81", "total":"81"}}
{"logTime": "0423/212409", "correlationVector":"U98rpQB7B5gzfauzA97LLl.4","action":"ProcessGetUpdates", "result":"Done", "context":{"dataType":"Device Info", "deleted":"0", "process_failed_to_decrypt":"0", "process_pending_decryption":"0", "process_success":"49", "total":"49"}}
{"logTime": "0423/212409", "correlationVector":"U98rpQB7B5gzfauzA97LLl.5","action":"GetUpdates Response", "result":"Success", "context":Received 250 update(s). cV=U98rpQB7B5gzfauzA97LLl.0;server=akswtt10400001i;cloudType=Consumer;environment=Prod_southindia_prod-s01-004-apac-southindia;migrationStage=NotStarted Some updates remain.}
{"logTime": "0423/212409", "correlationVector":"tGNXoFjefU7kuCpSxdTpFF","action":"Initial GetUpdates", "result":"", "context":Reason: NEWLY_SUPPORTED_DATATYPE. cV=tGNXoFjefU7kuCpSxdTpFF}
{"logTime": "0423/212410", "correlationVector":"tGNXoFjefU7kuCpSxdTpFF.1","action":"SyncServerConnectionManagerRequest", "result":"SYNC_SERVER_OK", "context":{"environment":"Prod_southindia_prod-s01-004-apac-southindia", "migrationStage":"NotStarted", "server":"akswtt104000007"}}
{"logTime": "0423/212410", "correlationVector":"tGNXoFjefU7kuCpSxdTpFF.2","action":"ProcessGetUpdates", "result":"Done", "context":{"dataType":"Passwords", "deleted":"0", "process_failed_to_decrypt":"0", "process_pending_decryption":"0", "process_success":"250", "total":"250"}}
{"logTime": "0423/212410", "correlationVector":"tGNXoFjefU7kuCpSxdTpFF.3","action":"GetUpdates Response", "result":"Success", "context":Received 250 update(s). cV=tGNXoFjefU7kuCpSxdTpFF.0;server=akswtt104000007;cloudType=Consumer;environment=Prod_southindia_prod-s01-004-apac-southindia;migrationStage=NotStarted Some updates remain.}
{"logTime": "0423/212410", "correlationVector":"M/IYv8H51pyMh2xUkeXuKZ","action":"Initial GetUpdates", "result":"", "context":Reason: NEWLY_SUPPORTED_DATATYPE. cV=M/IYv8H51pyMh2xUkeXuKZ}
{"logTime": "0423/212410", "correlationVector":"M/IYv8H51pyMh2xUkeXuKZ.1","action":"SyncServerConnectionManagerRequest", "result":"SYNC_SERVER_OK", "context":{"environment":"Prod_southindia_prod-s01-004-apac-southindia", "migrationStage":"NotStarted", "server":"akswtt10400001i"}}
{"logTime": "0423/212410", "correlationVector":"M/IYv8H51pyMh2xUkeXuKZ.2","action":"ProcessGetUpdates", "result":"Done", "context":{"dataType":"Preferences", "deleted":"0", "process_failed_to_decrypt":"0", "process_pending_decryption":"0", "process_success":"3", "total":"3"}}
{"logTime": "0423/212410", "correlationVector":"M/IYv8H51pyMh2xUkeXuKZ.3","action":"ProcessGetUpdates", "result":"Done", "context":{"dataType":"Passwords", "deleted":"0", "process_failed_to_decrypt":"0", "process_pending_decryption":"0", "process_success":"50", "total":"50"}}
{"logTime": "0423/212410", "correlationVector":"M/IYv8H51pyMh2xUkeXuKZ.4","action":"ProcessGetUpdates", "result":"Done", "context":{"dataType":"Device Info", "deleted":"0", "process_failed_to_decrypt":"0", "process_pending_decryption":"0", "process_success":"2", "total":"2"}}
{"logTime": "0423/212410", "correlationVector":"M/IYv8H51pyMh2xUkeXuKZ.5","action":"GetUpdates Response", "result":"Success", "context":Received 55 update(s). cV=M/IYv8H51pyMh2xUkeXuKZ.0;server=akswtt10400001i;cloudType=Consumer;environment=Prod_southindia_prod-s01-004-apac-southindia;migrationStage=NotStarted}
{"logTime": "0423/212410", "correlationVector":"QyE/Bz4gYjnDHA1cH/kkRH","action":"Initial GetUpdates", "result":"", "context":Reason: NEWLY_SUPPORTED_DATATYPE. cV=QyE/Bz4gYjnDHA1cH/kkRH}
{"logTime": "0423/212411", "correlationVector":"QyE/Bz4gYjnDHA1cH/kkRH.1","action":"SyncServerConnectionManagerRequest", "result":"SYNC_SERVER_OK", "context":{"environment":"Prod_southindia_prod-s01-004-apac-southindia", "migrationStage":"NotStarted", "server":"akswtt104000007"}}
{"logTime": "0423/212411", "correlationVector":"QyE/Bz4gYjnDHA1cH/kkRH.2","action":"ProcessGetUpdates", "result":"Done", "context":{"dataType":"Bookmarks", "deleted":"0", "process_failed_to_decrypt":"0", "process_pending_decryption":"0", "process_success":"74", "total":"74"}}
{"logTime": "0423/212411", "correlationVector":"QyE/Bz4gYjnDHA1cH/kkRH.3","action":"GetUpdates Response", "result":"Success", "context":Received 74 update(s). cV=QyE/Bz4gYjnDHA1cH/kkRH.0;server=akswtt104000007;cloudType=Consumer;environment=Prod_southindia_prod-s01-004-apac-southindia;migrationStage=NotStarted}
{"logTime": "0423/212411", "correlationVector":"esLcQyV56V8O7X0xWTN3Bc","action":"Initial GetUpdates", "result":"", "context":Reason: NEWLY_SUPPORTED_DATATYPE. cV=esLcQyV56V8O7X0xWTN3Bc}
{"logTime": "0423/212412", "correlationVector":"esLcQyV56V8O7X0xWTN3Bc.1","action":"SyncServerConnectionManagerRequest", "result":"SYNC_SERVER_OK", "context":{"environment":"Prod_southindia_prod-s01-004-apac-southindia", "migrationStage":"NotStarted", "server":"akswtt104000014"}}
{"logTime": "0423/212412", "correlationVector":"esLcQyV56V8O7X0xWTN3Bc.2","action":"ProcessGetUpdates", "result":"Done", "context":{"dataType":"Autofill", "deleted":"0", "process_failed_to_decrypt":"0", "process_pending_decryption":"0", "process_success":"242", "total":"242"}}
{"logTime": "0423/212412", "correlationVector":"esLcQyV56V8O7X0xWTN3Bc.3","action":"ProcessGetUpdates", "result":"Done", "context":{"dataType":"Web Apps", "deleted":"0", "process_failed_to_decrypt":"0", "process_pending_decryption":"0", "process_success":"6", "total":"6"}}
{"logTime": "0423/212412", "correlationVector":"esLcQyV56V8O7X0xWTN3Bc.4","action":"ProcessGetUpdates", "result":"Done", "context":{"dataType":"Collection", "deleted":"0", "process_failed_to_decrypt":"0", "process_pending_decryption":"0", "process_success":"2", "total":"2"}}
{"logTime": "0423/212412", "correlationVector":"esLcQyV56V8O7X0xWTN3Bc.5","action":"GetUpdates Response", "result":"Success", "context":Received 250 update(s). cV=esLcQyV56V8O7X0xWTN3Bc.0;server=akswtt104000014;cloudType=Consumer;environment=Prod_southindia_prod-s01-004-apac-southindia;migrationStage=NotStarted Some updates remain.}
{"logTime": "0423/212412", "correlationVector":"/c+ObE9JXXEQ/dQzDXcbAm","action":"Initial GetUpdates", "result":"", "context":Reason: NEWLY_SUPPORTED_DATATYPE. cV=/c+ObE9JXXEQ/dQzDXcbAm}
{"logTime": "0423/212412", "correlationVector":"/c+ObE9JXXEQ/dQzDXcbAm.1","action":"SyncServerConnectionManagerRequest", "result":"SYNC_SERVER_OK", "context":{"environment":"Prod_southindia_prod-s01-004-apac-southindia", "migrationStage":"NotStarted", "server":"akswtt104000005"}}
{"logTime": "0423/212412", "correlationVector":"/c+ObE9JXXEQ/dQzDXcbAm.2","action":"ProcessGetUpdates", "result":"Done", "context":{"dataType":"Autofill", "deleted":"0", "process_failed_to_decrypt":"0", "process_pending_decryption":"0", "process_success":"250", "total":"250"}}
{"logTime": "0423/212412", "correlationVector":"/c+ObE9JXXEQ/dQzDXcbAm.3","action":"GetUpdates Response", "result":"Success", "context":Received 250 update(s). cV=/c+ObE9JXXEQ/dQzDXcbAm.0;server=akswtt104000005;cloudType=Consumer;environment=Prod_southindia_prod-s01-004-apac-southindia;migrationStage=NotStarted Some updates remain.}
{"logTime": "0423/212412", "correlationVector":"kr1sBunbgdhtsie5vrXEke","action":"Initial GetUpdates", "result":"", "context":Reason: NEWLY_SUPPORTED_DATATYPE. cV=kr1sBunbgdhtsie5vrXEke}
{"logTime": "0423/212413", "correlationVector":"kr1sBunbgdhtsie5vrXEke.1","action":"SyncServerConnectionManagerRequest", "result":"SYNC_SERVER_OK", "context":{"environment":"Prod_southindia_prod-s01-004-apac-southindia", "migrationStage":"NotStarted", "server":"akswtt104000007"}}
{"logTime": "0423/212413", "correlationVector":"kr1sBunbgdhtsie5vrXEke.2","action":"ProcessGetUpdates", "result":"Done", "context":{"dataType":"Autofill Profiles", "deleted":"2", "process_failed_to_decrypt":"0", "process_pending_decryption":"0", "process_success":"2", "total":"2"}}
{"logTime": "0423/212413", "correlationVector":"kr1sBunbgdhtsie5vrXEke.3","action":"ProcessGetUpdates", "result":"Done", "context":{"dataType":"Autofill", "deleted":"0", "process_failed_to_decrypt":"0", "process_pending_decryption":"0", "process_success":"31", "total":"31"}}
{"logTime": "0423/212413", "correlationVector":"kr1sBunbgdhtsie5vrXEke.4","action":"ProcessGetUpdates", "result":"Done", "context":{"dataType":"Sessions", "deleted":"212", "process_failed_to_decrypt":"0", "process_pending_decryption":"0", "process_success":"212", "total":"212"}}
{"logTime": "0423/212413", "correlationVector":"kr1sBunbgdhtsie5vrXEke.5","action":"ProcessGetUpdates", "result":"Done", "context":{"dataType":"Web Apps", "deleted":"0", "process_failed_to_decrypt":"0", "process_pending_decryption":"0", "process_success":"1", "total":"1"}}
{"logTime": "0423/212413", "correlationVector":"kr1sBunbgdhtsie5vrXEke.6","action":"ProcessGetUpdates", "result":"Done", "context":{"dataType":"Edge Hub App Usage", "deleted":"3", "process_failed_to_decrypt":"0", "process_pending_decryption":"0", "process_success":"4", "total":"4"}}
{"logTime": "0423/212413", "correlationVector":"kr1sBunbgdhtsie5vrXEke.7","action":"GetUpdates Response", "result":"Success", "context":Received 250 update(s). cV=kr1sBunbgdhtsie5vrXEke.0;server=akswtt104000007;cloudType=Consumer;environment=Prod_southindia_prod-s01-004-apac-southindia;migrationStage=NotStarted Some updates remain.}
{"logTime": "0423/212413", "correlationVector":"r8TGXk5nKu4h8OYrl6sst0","action":"Initial GetUpdates", "result":"", "context":Reason: NEWLY_SUPPORTED_DATATYPE. cV=r8TGXk5nKu4h8OYrl6sst0}
{"logTime": "0423/212415", "correlationVector":"r8TGXk5nKu4h8OYrl6sst0.1","action":"SyncServerConnectionManagerRequest", "result":"SYNC_SERVER_OK", "context":{"environment":"Prod_southindia_prod-s01-004-apac-southindia", "migrationStage":"NotStarted", "server":"akswtt10400000e"}}
{"logTime": "0423/212415", "correlationVector":"r8TGXk5nKu4h8OYrl6sst0.2","action":"ProcessGetUpdates", "result":"Done", "context":{"dataType":"Sessions", "deleted":"244", "process_failed_to_decrypt":"0", "process_pending_decryption":"0", "process_success":"244", "total":"244"}}
{"logTime": "0423/212415", "correlationVector":"r8TGXk5nKu4h8OYrl6sst0.3","action":"ProcessGetUpdates", "result":"Done", "context":{"dataType":"Web Apps", "deleted":"0", "process_failed_to_decrypt":"0", "process_pending_decryption":"0", "process_success":"1", "total":"1"}}
{"logTime": "0423/212415", "correlationVector":"r8TGXk5nKu4h8OYrl6sst0.4","action":"ProcessGetUpdates", "result":"Done", "context":{"dataType":"Edge Hub App Usage", "deleted":"1", "process_failed_to_decrypt":"0", "process_pending_decryption":"0", "process_success":"5", "total":"5"}}
{"logTime": "0423/212415", "correlationVector":"r8TGXk5nKu4h8OYrl6sst0.5","action":"GetUpdates Response", "result":"Success", "context":Received 250 update(s). cV=r8TGXk5nKu4h8OYrl6sst0.0;server=akswtt10400000e;cloudType=Consumer;environment=Prod_southindia_prod-s01-004-apac-southindia;migrationStage=NotStarted Some updates remain.}
{"logTime": "0423/212415", "correlationVector":"gX9oNLGPNFeD4RS90pW0uI","action":"Initial GetUpdates", "result":"", "context":Reason: NEWLY_SUPPORTED_DATATYPE. cV=gX9oNLGPNFeD4RS90pW0uI}
{"logTime": "0423/212416", "correlationVector":"gX9oNLGPNFeD4RS90pW0uI.1","action":"SyncServerConnectionManagerRequest", "result":"SYNC_SERVER_OK", "context":{"environment":"Prod_southindia_prod-s01-004-apac-southindia", "migrationStage":"NotStarted", "server":"akswtt10400000j"}}
{"logTime": "0423/212416", "correlationVector":"gX9oNLGPNFeD4RS90pW0uI.2","action":"ProcessGetUpdates", "result":"Done", "context":{"dataType":"Autofill", "deleted":"0", "process_failed_to_decrypt":"0", "process_pending_decryption":"0", "process_success":"1", "total":"1"}}
{"logTime": "0423/212416", "correlationVector":"gX9oNLGPNFeD4RS90pW0uI.3","action":"ProcessGetUpdates", "result":"Done", "context":{"dataType":"Sessions", "deleted":"249", "process_failed_to_decrypt":"0", "process_pending_decryption":"0", "process_success":"249", "total":"249"}}
{"logTime": "0423/212416", "correlationVector":"gX9oNLGPNFeD4RS90pW0uI.4","action":"GetUpdates Response", "result":"Success", "context":Received 250 update(s). cV=gX9oNLGPNFeD4RS90pW0uI.0;server=akswtt10400000j;cloudType=Consumer;environment=Prod_southindia_prod-s01-004-apac-southindia;migrationStage=NotStarted Some updates remain.}
{"logTime": "0423/212416", "correlationVector":"6LvYGOVA4j+GQvEWWe1suz","action":"Initial GetUpdates", "result":"", "context":Reason: NEWLY_SUPPORTED_DATATYPE. cV=6LvYGOVA4j+GQvEWWe1suz}
{"logTime": "0423/212417", "correlationVector":"6LvYGOVA4j+GQvEWWe1suz.1","action":"SyncServerConnectionManagerRequest", "result":"SYNC_SERVER_OK", "context":{"environment":"Prod_southindia_prod-s01-004-apac-southindia", "migrationStage":"NotStarted", "server":"akswtt10400000e"}}
{"logTime": "0423/212417", "correlationVector":"6LvYGOVA4j+GQvEWWe1suz.2","action":"ProcessGetUpdates", "result":"Done", "context":{"dataType":"Sessions", "deleted":"250", "process_failed_to_decrypt":"0", "process_pending_decryption":"0", "process_success":"250", "total":"250"}}
{"logTime": "0423/212417", "correlationVector":"6LvYGOVA4j+GQvEWWe1suz.3","action":"GetUpdates Response", "result":"Success", "context":Received 250 update(s). cV=6LvYGOVA4j+GQvEWWe1suz.0;server=akswtt10400000e;cloudType=Consumer;environment=Prod_southindia_prod-s01-004-apac-southindia;migrationStage=NotStarted Some updates remain.}
{"logTime": "0423/212417", "correlationVector":"7Nb5iVnJCHTFusmSW9zaTK","action":"Initial GetUpdates", "result":"", "context":Reason: NEWLY_SUPPORTED_DATATYPE. cV=7Nb5iVnJCHTFusmSW9zaTK}
{"logTime": "0423/212418", "correlationVector":"7Nb5iVnJCHTFusmSW9zaTK.1","action":"SyncServerConnectionManagerRequest", "result":"SYNC_SERVER_OK", "context":{"environment":"Prod_southindia_prod-s01-004-apac-southindia", "migrationStage":"NotStarted", "server":"akswtt104000000"}}
{"logTime": "0423/212418", "correlationVector":"7Nb5iVnJCHTFusmSW9zaTK.2","action":"ProcessGetUpdates", "result":"Done", "context":{"dataType":"Sessions", "deleted":"248", "process_failed_to_decrypt":"0", "process_pending_decryption":"0", "process_success":"250", "total":"250"}}
{"logTime": "0423/212418", "correlationVector":"7Nb5iVnJCHTFusmSW9zaTK.3","action":"GetUpdates Response", "result":"Success", "context":Received 250 update(s). cV=7Nb5iVnJCHTFusmSW9zaTK.0;server=akswtt104000000;cloudType=Consumer;environment=Prod_southindia_prod-s01-004-apac-southindia;migrationStage=NotStarted Some updates remain.}
{"logTime": "0423/212418", "correlationVector":"rYXxtppt/5VBLug3cqtqbo","action":"Initial GetUpdates", "result":"", "context":Reason: NEWLY_SUPPORTED_DATATYPE. cV=rYXxtppt/5VBLug3cqtqbo}
{"logTime": "0423/212419", "correlationVector":"rYXxtppt/5VBLug3cqtqbo.1","action":"SyncServerConnectionManagerRequest", "result":"SYNC_SERVER_OK", "context":{"environment":"Prod_southindia_prod-s01-004-apac-southindia", "migrationStage":"NotStarted", "server":"akswtt104000005"}}
{"logTime": "0423/212419", "correlationVector":"rYXxtppt/5VBLug3cqtqbo.2","action":"ProcessGetUpdates", "result":"Done", "context":{"dataType":"Autofill Profiles", "deleted":"0", "process_failed_to_decrypt":"0", "process_pending_decryption":"0", "process_success":"19", "total":"19"}}
{"logTime": "0423/212419", "correlationVector":"rYXxtppt/5VBLug3cqtqbo.3","action":"ProcessGetUpdates", "result":"Done", "context":{"dataType":"Autofill", "deleted":"0", "process_failed_to_decrypt":"0", "process_pending_decryption":"0", "process_success":"121", "total":"121"}}
{"logTime": "0423/212419", "correlationVector":"rYXxtppt/5VBLug3cqtqbo.4","action":"ProcessGetUpdates", "result":"Done", "context":{"dataType":"Sessions", "deleted":"102", "process_failed_to_decrypt":"0", "process_pending_decryption":"0", "process_success":"110", "total":"110"}}
{"logTime": "0423/212419", "correlationVector":"rYXxtppt/5VBLug3cqtqbo.5","action":"GetUpdates Response", "result":"Success", "context":Received 250 update(s). cV=rYXxtppt/5VBLug3cqtqbo.0;server=akswtt104000005;cloudType=Consumer;environment=Prod_southindia_prod-s01-004-apac-southindia;migrationStage=NotStarted Some updates remain.}
{"logTime": "0423/212419", "correlationVector":"MvM9nu2WOQ4FD+LQowzH2j","action":"Initial GetUpdates", "result":"", "context":Reason: NEWLY_SUPPORTED_DATATYPE. cV=MvM9nu2WOQ4FD+LQowzH2j}
{"logTime": "0423/212420", "correlationVector":"MvM9nu2WOQ4FD+LQowzH2j.1","action":"SyncServerConnectionManagerRequest", "result":"SYNC_SERVER_OK", "context":{"environment":"Prod_southindia_prod-s01-004-apac-southindia", "migrationStage":"NotStarted", "server":"akswtt10400000v"}}
{"logTime": "0423/212420", "correlationVector":"MvM9nu2WOQ4FD+LQowzH2j.2","action":"ProcessGetUpdates", "result":"Done", "context":{"dataType":"Autofill Profiles", "deleted":"0", "process_failed_to_decrypt":"0", "process_pending_decryption":"0", "process_success":"1", "total":"1"}}
{"logTime": "0423/212420", "correlationVector":"MvM9nu2WOQ4FD+LQowzH2j.3","action":"ProcessGetUpdates", "result":"Done", "context":{"dataType":"Autofill", "deleted":"0", "process_failed_to_decrypt":"0", "process_pending_decryption":"0", "process_success":"233", "total":"233"}}
{"logTime": "0423/212420", "correlationVector":"MvM9nu2WOQ4FD+LQowzH2j.4","action":"ProcessGetUpdates", "result":"Done", "context":{"dataType":"Sessions", "deleted":"16", "process_failed_to_decrypt":"0", "process_pending_decryption":"0", "process_success":"16", "total":"16"}}
{"logTime": "0423/212420", "correlationVector":"MvM9nu2WOQ4FD+LQowzH2j.5","action":"GetUpdates Response", "result":"Success", "context":Received 250 update(s). cV=MvM9nu2WOQ4FD+LQowzH2j.0;server=akswtt10400000v;cloudType=Consumer;environment=Prod_southindia_prod-s01-004-apac-southindia;migrationStage=NotStarted Some updates remain.}
{"logTime": "0423/212420", "correlationVector":"NzuGJkbWk692eto/jtjWwr","action":"Initial GetUpdates", "result":"", "context":Reason: NEWLY_SUPPORTED_DATATYPE. cV=NzuGJkbWk692eto/jtjWwr}
{"logTime": "0423/212420", "correlationVector":"NzuGJkbWk692eto/jtjWwr","action":"SyncServerConnectionManagerRequest", "result":"CONNECTION_UNAVAILABLE", "context":{"error_type":"net_error_code", "error_value":"-3"}}
